// Jest Snapshot v1, https://goo.gl/fbAQLP

exports[`Card should match the snapshot 1`] = `
ShallowWrapper {
  "length": 1,
  Symbol(enzyme.__root__): [Circular],
  Symbol(enzyme.__unrendered__): <Card
    data={
        Object {
            "model": "Digger Crawler",
            "name": "Sand Crawler",
          }
    }
    favorite={[Function]}
    type="testCard"
/>,
  Symbol(enzyme.__renderer__): Object {
    "batchedUpdates": [Function],
    "getNode": [Function],
    "render": [Function],
    "simulateEvent": [Function],
    "unmount": [Function],
  },
  Symbol(enzyme.__node__): Object {
    "instance": null,
    "key": undefined,
    "nodeType": "host",
    "props": Object {
      "children": Array [
        <button
          className="favorite-btn"
          onClick={[Function]}
/>,
        <h2>
          Digger Crawler
</h2>,
        Array [
          <Entry
            entry={
                        Array [
                                    "name",
                                    "Sand Crawler",
                                  ]
            }
/>,
        ],
      ],
      "className": "Card ",
      "id": "Digger Crawler",
    },
    "ref": null,
    "rendered": Array [
      Object {
        "instance": null,
        "key": undefined,
        "nodeType": "host",
        "props": Object {
          "className": "favorite-btn",
          "onClick": [Function],
        },
        "ref": null,
        "rendered": null,
        "type": "button",
      },
      Object {
        "instance": null,
        "key": undefined,
        "nodeType": "host",
        "props": Object {
          "children": "Digger Crawler",
        },
        "ref": null,
        "rendered": "Digger Crawler",
        "type": "h2",
      },
      Object {
        "instance": null,
        "key": "testCard0",
        "nodeType": "function",
        "props": Object {
          "entry": Array [
            "name",
            "Sand Crawler",
          ],
        },
        "ref": null,
        "rendered": null,
        "type": [Function],
      },
    ],
    "type": "div",
  },
  Symbol(enzyme.__nodes__): Array [
    Object {
      "instance": null,
      "key": undefined,
      "nodeType": "host",
      "props": Object {
        "children": Array [
          <button
            className="favorite-btn"
            onClick={[Function]}
/>,
          <h2>
            Digger Crawler
</h2>,
          Array [
            <Entry
              entry={
                            Array [
                                          "name",
                                          "Sand Crawler",
                                        ]
              }
/>,
          ],
        ],
        "className": "Card ",
        "id": "Digger Crawler",
      },
      "ref": null,
      "rendered": Array [
        Object {
          "instance": null,
          "key": undefined,
          "nodeType": "host",
          "props": Object {
            "className": "favorite-btn",
            "onClick": [Function],
          },
          "ref": null,
          "rendered": null,
          "type": "button",
        },
        Object {
          "instance": null,
          "key": undefined,
          "nodeType": "host",
          "props": Object {
            "children": "Digger Crawler",
          },
          "ref": null,
          "rendered": "Digger Crawler",
          "type": "h2",
        },
        Object {
          "instance": null,
          "key": "testCard0",
          "nodeType": "function",
          "props": Object {
            "entry": Array [
              "name",
              "Sand Crawler",
            ],
          },
          "ref": null,
          "rendered": null,
          "type": [Function],
        },
      ],
      "type": "div",
    },
  ],
  Symbol(enzyme.__options__): Object {
    "adapter": ReactSixteenAdapter {
      "options": Object {
        "enableComponentDidUpdateOnSetState": true,
      },
    },
  },
}
`;
