// Jest Snapshot v1, https://goo.gl/fbAQLP

exports[`Banner should match the snapshot 1`] = `
ShallowWrapper {
  "length": 1,
  Symbol(enzyme.__root__): [Circular],
  Symbol(enzyme.__unrendered__): <Banner />,
  Symbol(enzyme.__renderer__): Object {
    "batchedUpdates": [Function],
    "getNode": [Function],
    "render": [Function],
    "simulateEvent": [Function],
    "unmount": [Function],
  },
  Symbol(enzyme.__node__): Object {
    "instance": null,
    "key": undefined,
    "nodeType": "host",
    "props": Object {
      "children": <NavLink
        activeClassName="active"
        ariaCurrent="true"
        to="/"
>
        <img
                alt="starwars-logo"
                src="starwars-logo.png"
        />
</NavLink>,
      "className": "Banner-header",
    },
    "ref": null,
    "rendered": Object {
      "instance": null,
      "key": undefined,
      "nodeType": "function",
      "props": Object {
        "activeClassName": "active",
        "ariaCurrent": "true",
        "children": <img
          alt="starwars-logo"
          src="starwars-logo.png"
/>,
        "to": "/",
      },
      "ref": null,
      "rendered": Object {
        "instance": null,
        "key": undefined,
        "nodeType": "host",
        "props": Object {
          "alt": "starwars-logo",
          "src": "starwars-logo.png",
        },
        "ref": null,
        "rendered": null,
        "type": "img",
      },
      "type": [Function],
    },
    "type": "div",
  },
  Symbol(enzyme.__nodes__): Array [
    Object {
      "instance": null,
      "key": undefined,
      "nodeType": "host",
      "props": Object {
        "children": <NavLink
          activeClassName="active"
          ariaCurrent="true"
          to="/"
>
          <img
                    alt="starwars-logo"
                    src="starwars-logo.png"
          />
</NavLink>,
        "className": "Banner-header",
      },
      "ref": null,
      "rendered": Object {
        "instance": null,
        "key": undefined,
        "nodeType": "function",
        "props": Object {
          "activeClassName": "active",
          "ariaCurrent": "true",
          "children": <img
            alt="starwars-logo"
            src="starwars-logo.png"
/>,
          "to": "/",
        },
        "ref": null,
        "rendered": Object {
          "instance": null,
          "key": undefined,
          "nodeType": "host",
          "props": Object {
            "alt": "starwars-logo",
            "src": "starwars-logo.png",
          },
          "ref": null,
          "rendered": null,
          "type": "img",
        },
        "type": [Function],
      },
      "type": "div",
    },
  ],
  Symbol(enzyme.__options__): Object {
    "adapter": ReactSixteenAdapter {
      "options": Object {
        "enableComponentDidUpdateOnSetState": true,
      },
    },
  },
}
`;
