// Jest Snapshot v1, https://goo.gl/fbAQLP

exports[`People should match the snapshot 1`] = `
ShallowWrapper {
  "length": 1,
  Symbol(enzyme.__root__): [Circular],
  Symbol(enzyme.__unrendered__): <People
    favorite={[Function]}
    peopleData={
        Array [
            Object {
              "model": "Digger Crawler",
              "name": "Sand Crawler",
            },
          ]
    }
/>,
  Symbol(enzyme.__renderer__): Object {
    "batchedUpdates": [Function],
    "getNode": [Function],
    "render": [Function],
    "simulateEvent": [Function],
    "unmount": [Function],
  },
  Symbol(enzyme.__node__): Object {
    "instance": null,
    "key": undefined,
    "nodeType": "host",
    "props": Object {
      "children": Array [
        <Card
          data={
                    Object {
                              "model": "Digger Crawler",
                              "name": "Sand Crawler",
                            }
          }
          favorite={[Function]}
          type="peopleCard"
/>,
      ],
      "className": "People",
    },
    "ref": null,
    "rendered": Array [
      Object {
        "instance": null,
        "key": "people0",
        "nodeType": "function",
        "props": Object {
          "data": Object {
            "model": "Digger Crawler",
            "name": "Sand Crawler",
          },
          "favorite": [Function],
          "type": "peopleCard",
        },
        "ref": null,
        "rendered": null,
        "type": [Function],
      },
    ],
    "type": "div",
  },
  Symbol(enzyme.__nodes__): Array [
    Object {
      "instance": null,
      "key": undefined,
      "nodeType": "host",
      "props": Object {
        "children": Array [
          <Card
            data={
                        Object {
                                    "model": "Digger Crawler",
                                    "name": "Sand Crawler",
                                  }
            }
            favorite={[Function]}
            type="peopleCard"
/>,
        ],
        "className": "People",
      },
      "ref": null,
      "rendered": Array [
        Object {
          "instance": null,
          "key": "people0",
          "nodeType": "function",
          "props": Object {
            "data": Object {
              "model": "Digger Crawler",
              "name": "Sand Crawler",
            },
            "favorite": [Function],
            "type": "peopleCard",
          },
          "ref": null,
          "rendered": null,
          "type": [Function],
        },
      ],
      "type": "div",
    },
  ],
  Symbol(enzyme.__options__): Object {
    "adapter": ReactSixteenAdapter {
      "options": Object {
        "enableComponentDidUpdateOnSetState": true,
      },
    },
  },
}
`;
